../Core/Src/main.c:77:5:main	104	static
../Core/Src/main.c:163:6:SystemClock_Config	88	static
../Core/Src/main.c:197:13:MX_NVIC_Init	8	static
../Core/Src/main.c:218:13:MX_USART2_UART_Init	8	static
../Core/Src/main.c:253:13:MX_GPIO_Init	48	static
../Core/Src/main.c:296:6:send_defTask_mes	40	static
../Core/Src/main.c:301:6:send_Task1_mes	40	static
../Core/Src/main.c:306:6:send_Task2_mes	40	static
../Core/Src/main.c:311:6:Task2_init	16	static
../Core/Src/main.c:332:6:StartDefaultTask	16	static
../Core/Src/main.c:352:6:Task1_init	16	static
../Core/Src/main.c:372:6:HAL_TIM_PeriodElapsedCallback	16	static
../Core/Src/main.c:389:6:Error_Handler	8	static,ignoring_inline_asm
