01:48:15 **** Incremental Build of configuration Debug for project RTOS_2 ****
make -j16 all 
arm-none-eabi-gcc "../Core/Src/main.c" -mcpu=cortex-m0 -std=gnu11 -g3 -DDEBUG -DUSE_HAL_DRIVER -DSTM32F042x6 -c -I../Core/Inc -I../Drivers/STM32F0xx_HAL_Driver/Inc -I../Drivers/STM32F0xx_HAL_Driver/Inc/Legacy -I../Drivers/CMSIS/Device/ST/STM32F0xx/Include -I../Drivers/CMSIS/Include -I../Middlewares/Third_Party/FreeRTOS/Source/include -I../Middlewares/Third_Party/FreeRTOS/Source/CMSIS_RTOS -I../Middlewares/Third_Party/FreeRTOS/Source/portable/GCC/ARM_CM0 -O0 -ffunction-sections -fdata-sections -Wall -fstack-usage -fcyclomatic-complexity -MMD -MP -MF"Core/Src/main.d" -MT"Core/Src/main.o" --specs=nano.specs -mfloat-abi=soft -mthumb -o "Core/Src/main.o"
arm-none-eabi-gcc -o "RTOS_2.elf" @"objects.list"   -mcpu=cortex-m0 -T"D:\My_works\RTOS_controllers_tech\RTOS_2\STM32F042K6TX_FLASH.ld" --specs=nosys.specs -Wl,-Map="RTOS_2.map" -Wl,--gc-sections -static --specs=nano.specs -mfloat-abi=soft -mthumb -Wl,--start-group -lc -lm -Wl,--end-group
Finished building target: RTOS_2.elf
 
arm-none-eabi-size  RTOS_2.elf 
arm-none-eabi-objdump -h -S RTOS_2.elf  > "RTOS_2.list"
   text	   data	    bss	    dec	    hex	filename
  19972	     96	   5720	  25788	   64bc	RTOS_2.elf
Finished building: default.size.stdout
 
Finished building: RTOS_2.list
 
