01:54:11 **** Incremental Build of configuration Debug for project RTOS_1 ****
make -j16 all 
arm-none-eabi-gcc "../Core/Src/main.c" -mcpu=cortex-m0 -std=gnu11 -g3 -DDEBUG -DUSE_HAL_DRIVER -DSTM32F042x6 -c -I../Core/Inc -I../Drivers/STM32F0xx_HAL_Driver/Inc -I../Drivers/STM32F0xx_HAL_Driver/Inc/Legacy -I../Drivers/CMSIS/Device/ST/STM32F0xx/Include -I../Drivers/CMSIS/Include -I../Middlewares/Third_Party/FreeRTOS/Source/include -I../Middlewares/Third_Party/FreeRTOS/Source/CMSIS_RTOS -I../Middlewares/Third_Party/FreeRTOS/Source/portable/GCC/ARM_CM0 -O0 -ffunction-sections -fdata-sections -Wall -fstack-usage -fcyclomatic-complexity -MMD -MP -MF"Core/Src/main.d" -MT"Core/Src/main.o" --specs=nano.specs -mfloat-abi=soft -mthumb -o "Core/Src/main.o"
arm-none-eabi-gcc -o "RTOS_1.elf" @"objects.list"   -mcpu=cortex-m0 -T"D:\My_works\RTOS_controllers_tech\RTOS_1\STM32F042K6TX_FLASH.ld" --specs=nosys.specs -Wl,-Map="RTOS_1.map" -Wl,--gc-sections -static --specs=nano.specs -mfloat-abi=soft -mthumb -Wl,--start-group -lc -lm -Wl,--end-group
Finished building target: RTOS_1.elf
 
arm-none-eabi-size  RTOS_1.elf 
arm-none-eabi-objdump -h -S RTOS_1.elf  > "RTOS_1.list"
   text	   data	    bss	    dec	    hex	filename
  17172	     16	   5816	  23004	   59dc	RTOS_1.elf
Finished building: default.size.stdout
 
Finished building: RTOS_1.list
 

01:54:12 Build Finished. 0 errors, 0 warnings. (took 976ms)

